{
    "resources": [
        {
            "name": "figure_bibliography",
            "type": "table",
            "path": "figure_bibliography.csv",
            "scheme": "file",
            "format": "csv",
            "mediatype": "text/csv",
            "encoding": "utf-8",
            "schema": {
                "fields": [
                    {
                        "name": "t",
                        "type": "number",
                        "unit": "s"
                    },
                    {
                        "name": "T",
                        "type": "number",
                        "unit": "K"
                    },
                    {
                        "name": "j",
                        "type": "number",
                        "unit": "A / m2"
                    }
                ]
            },
            "metadata": {
                "echemdb": {
                    "echemdbSchemaVersion": "0.8.4",
                    "source": {
                        "url": "https://doi.org/10.1016/0039-6028(85)90985-9",
                        "citationKey": "figure_bibliography",
                        "figure": "2b",
                        "curve": "label",
                        "bibdata": "@article{figure_bibliography,\n    author = \"Engstfeld, Albert K and Rüth, Julian\",\n    title = \"Bibliography in a subdirectory\",\n    journal = \"Journal\",\n    volume = \"1\",\n    number = \"1\",\n    pages = \"1--10\",\n    year = \"2025\",\n    abstract = \"Abstract.\"\n}\n"
                    },
                    "experimental": {
                        "tags": []
                    },
                    "figureDescription": {
                        "type": "digitized",
                        "simultaneousMeasurements": [],
                        "measurementType": "custom",
                        "fields": [
                            {
                                "name": "T",
                                "type": "number",
                                "unit": "K",
                                "orientation": "horizontal"
                            },
                            {
                                "name": "j",
                                "type": "number",
                                "unit": "uA cm-2",
                                "orientation": "vertical"
                            }
                        ],
                        "comment": "",
                        "scanRate": {
                            "value": 50.0,
                            "unit": "K / s"
                        }
                    }
                }
            }
        }
    ]
}
