{
    "resources": [
        {
            "name": "xy_rate_reference",
            "type": "table",
            "path": "xy_rate_reference.csv",
            "scheme": "file",
            "format": "csv",
            "mediatype": "text/csv",
            "encoding": "utf-8",
            "schema": {
                "fields": [
                    {
                        "name": "t",
                        "type": "number",
                        "unit": "s"
                    },
                    {
                        "name": "E",
                        "type": "number",
                        "unit": "V",
                        "reference": "RHE"
                    },
                    {
                        "name": "j",
                        "type": "number",
                        "unit": "A / m2"
                    }
                ]
            },
            "metadata": {
                "echemdb": {
                    "echemdbSchemaVersion": "0.8.4",
                    "source": {
                        "url": "https://doi.org/10.1016/0039-6028(85)90985-9",
                        "citationKey": "Beden_1985_Voltammetric_833",
                        "figure": "2b",
                        "curve": "label"
                    },
                    "experimental": {
                        "tags": []
                    },
                    "figureDescription": {
                        "type": "digitized",
                        "simultaneousMeasurements": [],
                        "measurementType": "CV",
                        "fields": [
                            {
                                "name": "E",
                                "type": "number",
                                "unit": "V",
                                "orientation": "horizontal",
                                "reference": "RHE"
                            },
                            {
                                "name": "j",
                                "type": "number",
                                "unit": "uA cm-2",
                                "orientation": "vertical"
                            }
                        ],
                        "comment": "",
                        "scanRate": {
                            "value": 50.0,
                            "unit": "mV / s"
                        }
                    }
                }
            }
        }
    ]
}
