{"figure description": {"version": 1, "type": "digitized", "linked measurement": "", "measurement type": "CV", "scan rate": {"value": 50.0, "unit": "mV / s"}, "axes": {"U": {"unit": "V", "reference": "unknown"}, "j": {"unit": "uA / cm2"}, "t": {"unit": "s"}}, "comment": ""}, "data description": {"version": 1, "type": "digitized", "measurement type": "CV", "axes": {"U": {"unit": "V", "reference": "unknown"}, "j": {"unit": "A / m2"}, "t": {"unit": "s"}}}}