{"figure description": {"version": 1, "type": "digitized", "simultaneous measurements": [], "measurement type": "CV", "scan rate": {"value": 50.0, "unit": "mV / s"}, "axes": {"E": {"unit": "V", "reference": "unknown", "orientation": "x"}, "j": {"unit": "uA / cm2", "orientation": "y"}, "t": {"unit": "s"}}, "comment": ""}, "data description": {"version": 1, "type": "digitized", "measurement type": "CV", "axes": {"E": {"unit": "V", "reference": "unknown"}, "j": {"unit": "A / m2"}, "t": {"unit": "s"}}}}